 echo php hooks
